// Jest Snapshot v1, https://goo.gl/fbAQLP

exports[`Search Search render renders properly 1`] = `ShallowWrapper {}`;
