// Jest Snapshot v1, https://goo.gl/fbAQLP

exports[`Cart Item Cart Item render renders properly 1`] = `ShallowWrapper {}`;
