// Jest Snapshot v1, https://goo.gl/fbAQLP

exports[`Cart Table Cart Table render renders properly 1`] = `ShallowWrapper {}`;
