// Jest Snapshot v1, https://goo.gl/fbAQLP

exports[`ProductDetails ProductDetails render renders properly 1`] = `ShallowWrapper {}`;
