// Jest Snapshot v1, https://goo.gl/fbAQLP

exports[`Search Cart Item render renders properly 1`] = `ShallowWrapper {}`;
