// Jest Snapshot v1, https://goo.gl/fbAQLP

exports[`Users Orders Items UsersOrdersItems render renders properly 1`] = `ShallowWrapper {}`;
