// Jest Snapshot v1, https://goo.gl/fbAQLP

exports[`Users Orders Table UsersOrdersTable render renders properly 1`] = `ShallowWrapper {}`;
